sbc_c23.c:101:5:detect_board	8	static
sbc_c23.c:53:5:dram_init	8	static
sbc_c23.c:58:6:ldo_mode_set	0	static
sbc_c23.c:131:5:board_phy_config	24	static
sbc_c23.c:153:5:board_eth_init	0	static
sbc_c23.c:295:5:board_ehci_hcd_init	8	static
sbc_c23.c:328:5:power_init_board	8	static
sbc_c23.c:362:6:setup_iomux_backlight	0	static
sbc_c23.c:366:6:enable_lvds	8	static
sbc_c23.c:388:6:disable_lvds	8	static
sbc_c23.c:401:6:enable_rgb	0	static
sbc_c23.c:404:6:disable_rgb	0	static
sbc_c23.c:438:5:overwrite_console	0	static
sbc_c23.c:444:5:board_early_init_f	8	static
sbc_c23.c:452:5:board_init	0	static
sbc_c23.c:474:5:board_late_init	160	static
sbc_c23.c:513:7:board_custom_boot	0	static
sbc_c23.c:605:5:board_fit_config_name_match	8	static
